[0m12:02:11.146151 [debug] [MainThread]: Sending event: {'category': 'dbt', 'action': 'invocation', 'label': 'start', 'context': [<snowplow_tracker.self_describing_json.SelfDescribingJson object at 0x000002001D0E5430>, <snowplow_tracker.self_describing_json.SelfDescribingJson object at 0x000002001EFC7B30>, <snowplow_tracker.self_describing_json.SelfDescribingJson object at 0x000002001C89B620>]}


============================== 12:02:11.324564 | 06642de8-83f5-4285-b2a7-39edee125f2a ==============================
[0m12:02:11.324564 [info ] [MainThread]: Running with dbt=1.12.5
[0m12:02:11.325985 [debug] [MainThread]: running dbt with arguments {'version_check': 'True', 'no_print': 'None', 'maximum_seed_size_mib': '1', 'warn_error_options': 'WarnErrorOptionsV2(error=[], warn=[], silence=[])', 'target_path': 'None', 'static_parser': 'True', 'printer_width': '80', 'write_json': 'True', 'introspect': 'True', 'log_cache_events': 'False', 'empty': 'None', 'cache_selected_only': 'False', 'fail_fast': 'False', 'debug': 'False', 'log_format': 'default', 'profiles_dir': 'C:\\Users\\R9911\\.dbt', 'send_anonymous_usage_stats': 'True', 'quiet': 'False', 'warn_error': 'None', 'partial_parse': 'True', 'invocation_command': 'dbt init', 'hints_enabled': 'True', 'indirect_selection': 'eager', 'use_experimental_parser': 'False', 'use_colors': 'True', 'log_path': 'logs'}
[0m12:03:27.928321 [debug] [MainThread]: Starter project path: C:\Users\R9911\OneDrive\Desktop\AWS_DBT_Snowflake\.venv\Lib\site-packages\dbt\include\starter_project
[0m12:03:27.953725 [info ] [MainThread]: Setting up your profile.
[0m12:03:39.813315 [debug] [MainThread]: Snowflake adapter: Setting snowflake.connector to ERROR (file logging only)
[0m12:03:39.814538 [debug] [MainThread]: Snowflake adapter: Setting botocore to ERROR (file logging only)
[0m12:03:39.815546 [debug] [MainThread]: Snowflake adapter: Setting boto3 to ERROR (file logging only)
[0m12:07:13.263239 [info ] [MainThread]: Profile aws_dbt_snowflake_project written to C:\Users\R9911\.dbt\profiles.yml using target's profile_template.yml and your supplied values.
[0m12:07:13.281562 [info ] [MainThread]: Running dbt debug to validate the project...
[0m12:07:13.281562 [info ] [MainThread]: dbt version: 1.12.5
[0m12:07:13.282864 [info ] [MainThread]: python version: 3.12.10
[0m12:07:13.282864 [info ] [MainThread]: python path: C:\Users\R9911\OneDrive\Desktop\AWS_DBT_Snowflake\.venv\Scripts\python.exe
[0m12:07:13.282864 [info ] [MainThread]: os info: Windows-11-10.0.26200-SP0
[0m12:07:13.342411 [info ] [MainThread]: Using profiles dir at C:\Users\R9911\.dbt
[0m12:07:13.342411 [info ] [MainThread]: Using profiles.yml file at C:\Users\R9911\.dbt\profiles.yml
[0m12:07:13.342411 [info ] [MainThread]: Using dbt_project.yml file at C:\Users\R9911\OneDrive\Desktop\AWS_DBT_Snowflake\aws_dbt_snowflake_project\dbt_project.yml
[0m12:07:13.345975 [info ] [MainThread]: adapter type: snowflake
[0m12:07:13.345975 [info ] [MainThread]: adapter version: 1.12.1
[0m12:07:13.467024 [info ] [MainThread]: Configuration:
[0m12:07:13.467024 [info ] [MainThread]:   profiles.yml file [[32mOK found and valid[0m]
[0m12:07:13.467024 [info ] [MainThread]:   dbt_project.yml file [[32mOK found and valid[0m]
[0m12:07:13.468518 [info ] [MainThread]: Required dependencies:
[0m12:07:13.469522 [debug] [MainThread]: Executing "git --help"
[0m12:07:13.549264 [debug] [MainThread]: STDOUT: "b"usage: git [-v | --version] [-h | --help] [-C <path>] [-c <name>=<value>]\n           [--exec-path[=<path>]] [--html-path] [--man-path] [--info-path]\n           [-p | --paginate | -P | --no-pager] [--no-replace-objects] [--no-lazy-fetch]\n           [--no-optional-locks] [--no-advice] [--bare] [--git-dir=<path>]\n           [--work-tree=<path>] [--namespace=<name>] [--config-env=<name>=<envvar>]\n           <command> [<args>]\n\nThese are common Git commands used in various situations:\n\nstart a working area (see also: git help tutorial)\n   clone      Clone a repository into a new directory\n   init       Create an empty Git repository or reinitialize an existing one\n\nwork on the current change (see also: git help everyday)\n   add        Add file contents to the index\n   mv         Move or rename a file, a directory, or a symlink\n   restore    Restore working tree files\n   rm         Remove files from the working tree and from the index\n\nexamine the history and state (see also: git help revisions)\n   bisect     Use binary search to find the commit that introduced a bug\n   diff       Show changes between commits, commit and working tree, etc\n   grep       Print lines matching a pattern\n   log        Show commit logs\n   show       Show various types of objects\n   status     Show the working tree status\n\ngrow, mark and tweak your common history\n   backfill   Download missing objects in a partial clone\n   branch     List, create, or delete branches\n   commit     Record changes to the repository\n   merge      Join two or more development histories together\n   rebase     Reapply commits on top of another base tip\n   reset      Reset current HEAD to the specified state\n   switch     Switch branches\n   tag        Create, list, delete or verify a tag object signed with GPG\n\ncollaborate (see also: git help workflows)\n   fetch      Download objects and refs from another repository\n   pull       Fetch from and integrate with another repository or a local branch\n   push       Update remote refs along with associated objects\n\n'git help -a' and 'git help -g' list available subcommands and some\nconcept guides. See 'git help <command>' or 'git help <concept>'\nto read about a specific subcommand or concept.\nSee 'git help git' for an overview of the system.\n""
[0m12:07:13.550447 [debug] [MainThread]: STDERR: "b''"
[0m12:07:13.551452 [info ] [MainThread]:  - git [[32mOK found[0m]

[0m12:07:13.551452 [info ] [MainThread]: Connection:
[0m12:07:13.552512 [info ] [MainThread]:   account: ZQTXSGU-RW35601
[0m12:07:13.552512 [info ] [MainThread]:   user: RAUSHANLEARN
[0m12:07:13.553517 [info ] [MainThread]:   database: AIRBNB
[0m12:07:13.553517 [info ] [MainThread]:   warehouse: COMPUTE_WH
[0m12:07:13.553517 [info ] [MainThread]:   role: ACCOUNTADMIN
[0m12:07:13.554880 [info ] [MainThread]:   schema: dbt_schema
[0m12:07:13.554880 [info ] [MainThread]:   authenticator: None
[0m12:07:13.556118 [info ] [MainThread]:   oauth_client_id: None
[0m12:07:13.557259 [info ] [MainThread]:   query_tag: None
[0m12:07:13.557259 [info ] [MainThread]:   client_session_keep_alive: False
[0m12:07:13.558694 [info ] [MainThread]:   host: None
[0m12:07:13.558694 [info ] [MainThread]:   port: None
[0m12:07:13.560044 [info ] [MainThread]:   proxy_host: None
[0m12:07:13.561043 [info ] [MainThread]:   proxy_port: None
[0m12:07:13.562042 [info ] [MainThread]:   protocol: None
[0m12:07:13.563043 [info ] [MainThread]:   connect_retries: 1
[0m12:07:13.563043 [info ] [MainThread]:   connect_timeout: None
[0m12:07:13.564043 [info ] [MainThread]:   retry_on_database_errors: False
[0m12:07:13.565043 [info ] [MainThread]:   retry_all: False
[0m12:07:13.566250 [info ] [MainThread]:   insecure_mode: False
[0m12:07:13.566250 [info ] [MainThread]:   reuse_connections: True
[0m12:07:13.567508 [info ] [MainThread]:   s3_stage_vpce_dns_name: None
[0m12:07:13.567508 [info ] [MainThread]:   workload_identity_provider: None
[0m12:07:13.569023 [info ] [MainThread]:   workload_identity_entra_resource: None
[0m12:07:13.570032 [info ] [MainThread]:   platform_detection_timeout_seconds: 0.0
[0m12:07:13.571427 [info ] [MainThread]: Registered adapter: snowflake=1.12.1
[0m12:07:14.141144 [debug] [MainThread]: Acquiring new snowflake connection 'debug'
[0m12:07:14.148442 [debug] [MainThread]: Using snowflake connection "debug"
[0m12:07:14.148442 [debug] [MainThread]: On debug: select 1 as id
[0m12:07:14.149605 [debug] [MainThread]: Opening a new connection, currently in state init
[0m12:07:16.169512 [debug] [MainThread]: SQL status: SUCCESS 1 in 2.020 seconds
[0m12:07:16.170788 [info ] [MainThread]:   Connection test: [[32mOK connection ok[0m]

[0m12:07:16.172022 [info ] [MainThread]: [32mAll checks passed![0m
[0m12:07:16.172022 [info ] [MainThread]: Your new dbt project "aws_dbt_snowflake_project" was created!
Initialized new project in C:\Users\R9911\OneDrive\Desktop\AWS_DBT_Snowflake\aws_dbt_snowflake_project\aws_dbt_snowflake_project

For more information on how to configure the profiles.yml file,
please consult the dbt documentation here:

  https://docs.getdbt.com/docs/configure-your-profile

One more thing:

Need help? Don't hesitate to reach out to us via GitHub issues or on Slack:

  https://community.getdbt.com/

Happy modeling!

[0m12:07:16.174598 [debug] [MainThread]: Command `dbt init` succeeded at 12:07:16.173504 after 305.37 seconds
[0m12:07:16.174598 [debug] [MainThread]: Connection 'debug' was left open.
[0m12:07:16.174598 [debug] [MainThread]: On debug: Close
[0m12:07:16.365174 [debug] [MainThread]: Sending event: {'category': 'dbt', 'action': 'invocation', 'label': 'end', 'context': [<snowplow_tracker.self_describing_json.SelfDescribingJson object at 0x000002001EE449B0>, <snowplow_tracker.self_describing_json.SelfDescribingJson object at 0x000002001F4CF6E0>, <snowplow_tracker.self_describing_json.SelfDescribingJson object at 0x000002001F4CCBF0>]}
[0m12:07:16.366607 [debug] [MainThread]: Flushing usage events
[0m12:07:17.907944 [debug] [MainThread]: An error was encountered while trying to flush usage events
[0m09:02:16.171358 [debug] [MainThread]: Sending event: {'category': 'dbt', 'action': 'invocation', 'label': 'start', 'context': [<snowplow_tracker.self_describing_json.SelfDescribingJson object at 0x000001C5797599A0>, <snowplow_tracker.self_describing_json.SelfDescribingJson object at 0x000001C57BD41940>, <snowplow_tracker.self_describing_json.SelfDescribingJson object at 0x000001C57C73D070>]}


============================== 09:02:16.179548 | cd05245a-1613-47bc-abe9-4dd713418872 ==============================
[0m09:02:16.179548 [info ] [MainThread]: Running with dbt=1.12.5
[0m09:02:16.180973 [debug] [MainThread]: running dbt with arguments {'version_check': 'True', 'no_print': 'None', 'maximum_seed_size_mib': '1', 'target_path': 'None', 'static_parser': 'True', 'warn_error_options': 'WarnErrorOptionsV2(error=[], warn=[], silence=[])', 'printer_width': '80', 'write_json': 'True', 'introspect': 'True', 'log_cache_events': 'False', 'empty': 'False', 'cache_selected_only': 'False', 'log_format': 'default', 'debug': 'False', 'fail_fast': 'False', 'partial_parse': 'True', 'send_anonymous_usage_stats': 'True', 'quiet': 'False', 'warn_error': 'None', 'profiles_dir': 'C:\\Users\\R9911\\.dbt', 'invocation_command': 'dbt run --select models/demo', 'hints_enabled': 'True', 'use_colors': 'True', 'use_experimental_parser': 'False', 'indirect_selection': 'eager', 'log_path': 'logs'}
[0m09:02:16.181973 [error] [MainThread]: [[31mERROR[0m]: Encountered an error:
Runtime Error
  No dbt_project.yml found at expected path C:\Users\R9911\OneDrive\Desktop\AWS_DBT_Snowflake\dbt_project.yml
  Verify that each entry within packages.yml (and their transitive dependencies) contains a file named dbt_project.yml
  
[0m09:02:16.182993 [debug] [MainThread]: Command `dbt run` failed at 09:02:16.182993 after 0.21 seconds
[0m09:02:16.183999 [debug] [MainThread]: Sending event: {'category': 'dbt', 'action': 'invocation', 'label': 'end', 'context': [<snowplow_tracker.self_describing_json.SelfDescribingJson object at 0x000001C57E750920>, <snowplow_tracker.self_describing_json.SelfDescribingJson object at 0x000001C57E54D7F0>, <snowplow_tracker.self_describing_json.SelfDescribingJson object at 0x000001C57D4BAB70>]}
[0m09:02:16.185025 [debug] [MainThread]: Flushing usage events
[0m09:02:18.011399 [debug] [MainThread]: An error was encountered while trying to flush usage events
